// Jest Snapshot v1, https://goo.gl/fbAQLP

exports[`renders without crashing 1`] = `
ShallowWrapper {
  "length": 1,
  Symbol(enzyme.__root__): [Circular],
  Symbol(enzyme.__unrendered__): <UserDetails />,
  Symbol(enzyme.__renderer__): Object {
    "batchedUpdates": [Function],
    "getNode": [Function],
    "render": [Function],
    "simulateEvent": [Function],
    "unmount": [Function],
  },
  Symbol(enzyme.__node__): Object {
    "instance": null,
    "key": undefined,
    "nodeType": "host",
    "props": Object {
      "children": Array [
        <styled.div
          className="fadeIn"
          onClick={[Function]}
>
          <div />
          <styled.img
                    src={undefined}
          />
</styled.div>,
        <WithStyles(Menu)
          anchorEl={null}
          id="simple-menu"
          onClose={[Function]}
          open={false}
>
          <WithStyles(MenuItem)
                    onClick={[Function]}
          >
                    Logout
          </WithStyles(MenuItem)>
</WithStyles(Menu)>,
      ],
    },
    "ref": null,
    "rendered": Array [
      Object {
        "instance": null,
        "key": undefined,
        "nodeType": "class",
        "props": Object {
          "children": Array [
            <div />,
            <styled.img
              src={undefined}
/>,
          ],
          "className": "fadeIn",
          "onClick": [Function],
        },
        "ref": null,
        "rendered": Array [
          Object {
            "instance": null,
            "key": undefined,
            "nodeType": "host",
            "props": Object {
              "children": undefined,
            },
            "ref": null,
            "rendered": null,
            "type": "div",
          },
          Object {
            "instance": null,
            "key": undefined,
            "nodeType": "class",
            "props": Object {
              "src": undefined,
            },
            "ref": null,
            "rendered": null,
            "type": [Function],
          },
        ],
        "type": [Function],
      },
      Object {
        "instance": null,
        "key": undefined,
        "nodeType": "class",
        "props": Object {
          "anchorEl": null,
          "children": <WithStyles(MenuItem)
            onClick={[Function]}
>
            Logout
</WithStyles(MenuItem)>,
          "id": "simple-menu",
          "onClose": [Function],
          "open": false,
        },
        "ref": null,
        "rendered": Object {
          "instance": null,
          "key": undefined,
          "nodeType": "class",
          "props": Object {
            "children": "Logout",
            "onClick": [Function],
          },
          "ref": null,
          "rendered": "Logout",
          "type": [Function],
        },
        "type": [Function],
      },
    ],
    "type": "div",
  },
  Symbol(enzyme.__nodes__): Array [
    Object {
      "instance": null,
      "key": undefined,
      "nodeType": "host",
      "props": Object {
        "children": Array [
          <styled.div
            className="fadeIn"
            onClick={[Function]}
>
            <div />
            <styled.img
                        src={undefined}
            />
</styled.div>,
          <WithStyles(Menu)
            anchorEl={null}
            id="simple-menu"
            onClose={[Function]}
            open={false}
>
            <WithStyles(MenuItem)
                        onClick={[Function]}
            >
                        Logout
            </WithStyles(MenuItem)>
</WithStyles(Menu)>,
        ],
      },
      "ref": null,
      "rendered": Array [
        Object {
          "instance": null,
          "key": undefined,
          "nodeType": "class",
          "props": Object {
            "children": Array [
              <div />,
              <styled.img
                src={undefined}
/>,
            ],
            "className": "fadeIn",
            "onClick": [Function],
          },
          "ref": null,
          "rendered": Array [
            Object {
              "instance": null,
              "key": undefined,
              "nodeType": "host",
              "props": Object {
                "children": undefined,
              },
              "ref": null,
              "rendered": null,
              "type": "div",
            },
            Object {
              "instance": null,
              "key": undefined,
              "nodeType": "class",
              "props": Object {
                "src": undefined,
              },
              "ref": null,
              "rendered": null,
              "type": [Function],
            },
          ],
          "type": [Function],
        },
        Object {
          "instance": null,
          "key": undefined,
          "nodeType": "class",
          "props": Object {
            "anchorEl": null,
            "children": <WithStyles(MenuItem)
              onClick={[Function]}
>
              Logout
</WithStyles(MenuItem)>,
            "id": "simple-menu",
            "onClose": [Function],
            "open": false,
          },
          "ref": null,
          "rendered": Object {
            "instance": null,
            "key": undefined,
            "nodeType": "class",
            "props": Object {
              "children": "Logout",
              "onClick": [Function],
            },
            "ref": null,
            "rendered": "Logout",
            "type": [Function],
          },
          "type": [Function],
        },
      ],
      "type": "div",
    },
  ],
  Symbol(enzyme.__options__): Object {
    "adapter": ReactSixteenAdapter {
      "options": Object {
        "enableComponentDidUpdateOnSetState": true,
      },
    },
    "snapshotSerializers": Array [
      "enzyme-to-json/serializer",
    ],
  },
}
`;
